// Jest Snapshot v1, https://goo.gl/fbAQLP

exports[`CodeInteractor render should correctly render component 1`] = `<code-stub error="" challengetype="EMAIL_OTP" email="user@email.com"></code-stub>`;

exports[`CodeInteractor render should render form 1`] = `<code-stub error="" challengetype="EMAIL_OTP" email="user@email.com"></code-stub>`;
