// Jest Snapshot v1, https://goo.gl/fbAQLP

exports[`UploadStatusInteractor render should correctly render component 1`] = `<upload-status-layout-stub></upload-status-layout-stub>`;
