// Jest Snapshot v1, https://goo.gl/fbAQLP

exports[`RegularPasswordCreationView render should correctly render component 1`] = `
<form data-test="regular-password-form">
  <v-title-stub>
    Create regular password
  </v-title-stub>
  <v-description-stub>
    You have no&nbsp;regular password for the&nbsp;Endpass account. This&nbsp;password for&nbsp;login only.
  </v-description-stub>
  <form-item-stub>
    <v-input-stub value="" type="password" required="" data-vv-as="password" data-vv-name="password" name="password" placeholder="Enter new password..." data-test="password-input"></v-input-stub>
  </form-item-stub>
  <form-item-stub>
    <v-input-stub value="" type="password" required="" data-vv-as="password" data-vv-name="repeatPassword" name="repeatPassword" placeholder="Repeat new password..." data-test="repeat-password-input"></v-input-stub>
  </form-item-stub>
  <form-item-stub class="v-mb-16">
    <v-input-stub label="Code from email" value="" data-vv-as="code" data-vv-name="code" name="code" placeholder="Enter received code..." data-test="code-input"></v-input-stub>
  </form-item-stub>
  <form-row-stub class="v-mb-24">
    <form-controls-stub>
      <v-button-stub skin="primary" size="normal" type="submit" data-test="submit-button" disabled="true">
        Confirm
      </v-button-stub>
    </form-controls-stub>
  </form-row-stub>
  <form-row-stub class="v-fs-14 v-text-center">
    <send-code-stub data-test="send-code-button"></send-code-stub>
  </form-row-stub>
</form>
`;

exports[`RegularPasswordCreationView render should render pasword form 1`] = `
<form data-test="regular-password-form">
  <v-title-stub>
    Create regular password
  </v-title-stub>
  <v-description-stub>
    You have no&nbsp;regular password for the&nbsp;Endpass account. This&nbsp;password for&nbsp;login only.
  </v-description-stub>
  <form-item-stub>
    <v-input-stub value="" type="password" required="" data-vv-as="password" data-vv-name="password" name="password" placeholder="Enter new password..." data-test="password-input"></v-input-stub>
  </form-item-stub>
  <form-item-stub>
    <v-input-stub value="" type="password" required="" data-vv-as="password" data-vv-name="repeatPassword" name="repeatPassword" placeholder="Repeat new password..." data-test="repeat-password-input"></v-input-stub>
  </form-item-stub>
  <form-item-stub class="v-mb-16">
    <v-input-stub label="Code from email" value="" data-vv-as="code" data-vv-name="code" name="code" placeholder="Enter received code..." data-test="code-input"></v-input-stub>
  </form-item-stub>
  <form-row-stub class="v-mb-24">
    <form-controls-stub>
      <v-button-stub skin="primary" size="normal" type="submit" data-test="submit-button" disabled="true">
        Confirm
      </v-button-stub>
    </form-controls-stub>
  </form-row-stub>
  <form-row-stub class="v-fs-14 v-text-center">
    <send-code-stub data-test="send-code-button"></send-code-stub>
  </form-row-stub>
</form>
`;
