// Jest Snapshot v1, https://goo.gl/fbAQLP

exports[`RegularPasswordView render should correctly render component 1`] = `
<form data-test="regular-password-form">
  <v-title-stub>
    Log in to your Endpass account to access site actions
  </v-title-stub>
  <form-item-stub>
    <v-input-stub value="" data-vv-as="password" data-vv-name="password" name="password" type="password" required="" placeholder="Enter your password..." data-test="password-input"></v-input-stub>
  </form-item-stub>
  <form-item-stub class="v-mb-24">
    <v-button-stub skin="primary" size="normal" type="submit" data-test="submit-button" disabled="true">
      Login
    </v-button-stub>
  </form-item-stub>
  <form-row-stub class="v-fs-14 v-text-center">
    <v-link-stub role="button" data-test="password-recover">
      Forgot your password?
    </v-link-stub>
  </form-row-stub>
</form>
`;

exports[`RegularPasswordView render should render pasword form 1`] = `
<form data-test="regular-password-form">
  <v-title-stub>
    Log in to your Endpass account to access site actions
  </v-title-stub>
  <form-item-stub>
    <v-input-stub value="" data-vv-as="password" data-vv-name="password" name="password" type="password" required="" placeholder="Enter your password..." data-test="password-input"></v-input-stub>
  </form-item-stub>
  <form-item-stub class="v-mb-24">
    <v-button-stub skin="primary" size="normal" type="submit" data-test="submit-button" disabled="true">
      Login
    </v-button-stub>
  </form-item-stub>
  <form-row-stub class="v-fs-14 v-text-center">
    <v-link-stub role="button" data-test="password-recover">
      Forgot your password?
    </v-link-stub>
  </form-row-stub>
</form>
`;
