// Jest Snapshot v1, https://goo.gl/fbAQLP

exports[`ProviderContainer render should correctly render component 1`] = `
<provider-stub>
  <coderequestinterface-stub challengetype="EMAIL_OTP" oauthloginchallenge="123" email="user@email.com" error=""></coderequestinterface-stub>
</provider-stub>
`;
