// Jest Snapshot v1, https://goo.gl/fbAQLP

exports[`SignPasswordForm render should correctly render component 1`] = `
<div>
  <!---->
  <create-account-form-stub></create-account-form-stub>
</div>
`;
