// Jest Snapshot v1, https://goo.gl/fbAQLP

exports[`RegularPasswordRecoveryView render should correctly render component 1`] = `
<form data-test="regular-password-form">
  <v-title-stub>
    Change password
  </v-title-stub>
  <form-item-stub>
    <v-input-stub value="" type="password" required="" data-vv-as="password" data-vv-name="password" name="password" placeholder="Enter new password..." data-test="password-input"></v-input-stub>
  </form-item-stub>
  <form-item-stub>
    <v-input-stub value="" type="password" required="" data-vv-as="password" data-vv-name="repeatPassword" name="repeatPassword" placeholder="Repeat new password..." data-test="repeat-password-input"></v-input-stub>
  </form-item-stub>
  <form-item-stub>
    <v-input-stub label="Code from email" value="" data-vv-as="code" data-vv-name="code" name="code" placeholder="Enter received code..." data-test="code-input"></v-input-stub>
  </form-item-stub>
  <form-item-stub class="v-mb-24">
    <form-controls-stub>
      <v-button-stub skin="quaternary" size="normal" data-test="cancel-button" type="button">
        Cancel
      </v-button-stub>
      <v-button-stub skin="primary" size="normal" type="submit" data-test="submit-button" disabled="true">
        Confirm
      </v-button-stub>
    </form-controls-stub>
  </form-item-stub>
  <form-row-stub class="v-fs-14 v-text-center">
    <send-code-stub data-test="send-code-button"></send-code-stub>
  </form-row-stub>
</form>
`;

exports[`RegularPasswordRecoveryView render should render pasword form 1`] = `
<form data-test="regular-password-form">
  <v-title-stub>
    Change password
  </v-title-stub>
  <form-item-stub>
    <v-input-stub value="" type="password" required="" data-vv-as="password" data-vv-name="password" name="password" placeholder="Enter new password..." data-test="password-input"></v-input-stub>
  </form-item-stub>
  <form-item-stub>
    <v-input-stub value="" type="password" required="" data-vv-as="password" data-vv-name="repeatPassword" name="repeatPassword" placeholder="Repeat new password..." data-test="repeat-password-input"></v-input-stub>
  </form-item-stub>
  <form-item-stub>
    <v-input-stub label="Code from email" value="" data-vv-as="code" data-vv-name="code" name="code" placeholder="Enter received code..." data-test="code-input"></v-input-stub>
  </form-item-stub>
  <form-item-stub class="v-mb-24">
    <form-controls-stub>
      <v-button-stub skin="quaternary" size="normal" data-test="cancel-button" type="button">
        Cancel
      </v-button-stub>
      <v-button-stub skin="primary" size="normal" type="submit" data-test="submit-button" disabled="true">
        Confirm
      </v-button-stub>
    </form-controls-stub>
  </form-item-stub>
  <form-row-stub class="v-fs-14 v-text-center">
    <send-code-stub data-test="send-code-button"></send-code-stub>
  </form-row-stub>
</form>
`;
