// Jest Snapshot v1, https://goo.gl/fbAQLP

exports[`Otp render should correctly render Otp component 1`] = `
<form class="form-otp">
  <v-title-stub html="Verify OTP code" data-test="form-title"></v-title-stub>
  <v-description-stub html="Enter the 6&amp;nbsp;digit code generated by&amp;nbsp;your authenticator app."></v-description-stub>
  <form-item-stub>
    <v-input-stub value="" data-vv-as="code" data-vv-name="code" name="code" placeholder="Enter received code..." data-test="code-input"></v-input-stub>
  </form-item-stub>
  <form-item-stub islast="true">
    <v-button-stub skin="primary" size="normal" type="submit" data-test="submit-button" disabled="true">
      Confirm
    </v-button-stub>
  </form-item-stub>
  <form-row-stub centered="" class="v-text-size-14">
    <v-link-stub href="#" skin="default" target="_blank" data-test="recovery-link">
      Don't know code?
    </v-link-stub>
  </form-row-stub>
</form>
`;
