// Jest Snapshot v1, https://goo.gl/fbAQLP

exports[`Account render should correctly render Account component 1`] = `
<form>
  <!---->
  <!---->
  <form-field-stub label="Active account address">
    <v-select-stub value="0x0" options="" skin="primary" name="activeAccount"></v-select-stub>
  </form-field-stub>
  <form-field-stub label="Active network">
    <v-select-stub value="1" options="" skin="primary" name="activeNetwork"></v-select-stub>
  </form-field-stub>
  <form-field-stub>
    <v-button-stub skin="primary" size="normal" type="button" data-test="submit-button" fluid="">
      Update account
    </v-button-stub>
  </form-field-stub>
  <!---->
  <form-controls-stub>
    <v-button-stub skin="error" size="normal" type="button" data-test="logout-button">
      Logout
    </v-button-stub>
    <v-button-stub skin="ghost" size="normal" type="button" data-test="cancel-button">
      Close
    </v-button-stub>
  </form-controls-stub>
</form>
`;
