// Jest Snapshot v1, https://goo.gl/fbAQLP

exports[`CodeRequestInteractor render should correctly render component 1`] = `<code-request-stub error="" challengetype="EMAIL_OTP" email="user@email.com"></code-request-stub>`;

exports[`CodeRequestInteractor render should render form 1`] = `<code-request-stub error="" challengetype="EMAIL_OTP" email="user@email.com"></code-request-stub>`;
