// Jest Snapshot v1, https://goo.gl/fbAQLP

exports[`Bridge render should render "empty" markup 1`] = `
<v-frame-stub closable="true">
  <p>Endpass Auth bridge v1.0.2</p>
</v-frame-stub>
`;
