// Jest Snapshot v1, https://goo.gl/fbAQLP

exports[`Sign render render should correctly render Sign component 1`] = `
<screen-stub>
  <v-modal-card-stub isclosable="true">
    <sign-form-stub request="[object Object]" closable="true"></sign-form-stub>
  </v-modal-card-stub>
</screen-stub>
`;
