// Jest Snapshot v1, https://goo.gl/fbAQLP

exports[`LoginProviderCode render should correctly render LoginProviderCode screen 1`] = `
<message-stub error="true" data-test="error-message">
  You should provide login_challenge param in url, add it and try again!
</message-stub>
`;
