// Jest Snapshot v1, https://goo.gl/fbAQLP

exports[`EmailCodeView render should correctly render component 1`] = `
<form data-test="email-code-form">
  <v-title-stub>
    Verify email
  </v-title-stub>
  <v-description-stub><span>We've just emailed a 6-digit code to <span class="v-fw-b">user@email.com</span>. Enter the code below to confirm.</span></v-description-stub>
  <form-item-stub>
    <v-input-stub value="" data-vv-as="code" data-vv-name="code" name="code" placeholder="Enter received code..." data-test="code-input"></v-input-stub>
  </form-item-stub>
  <form-item-stub class="v-mb-24">
    <v-button-stub skin="primary" size="normal" type="submit" data-test="submit-button" disabled="true">
      Confirm
    </v-button-stub>
  </form-item-stub>
  <form-row-stub class="v-fs-14 v-text-center">
    <send-code-stub timeout="60000"></send-code-stub>
  </form-row-stub>
</form>
`;

exports[`EmailCodeView render should render form 1`] = `
<form data-test="email-code-form">
  <v-title-stub>
    Verify email
  </v-title-stub>
  <v-description-stub><span>We've just emailed a 6-digit code to <span class="v-fw-b">user@email.com</span>. Enter the code below to confirm.</span></v-description-stub>
  <form-item-stub>
    <v-input-stub value="" data-vv-as="code" data-vv-name="code" name="code" placeholder="Enter received code..." data-test="code-input"></v-input-stub>
  </form-item-stub>
  <form-item-stub class="v-mb-24">
    <v-button-stub skin="primary" size="normal" type="submit" data-test="submit-button" disabled="true">
      Confirm
    </v-button-stub>
  </form-item-stub>
  <form-row-stub class="v-fs-14 v-text-center">
    <send-code-stub timeout="60000"></send-code-stub>
  </form-row-stub>
</form>
`;
