// Jest Snapshot v1, https://goo.gl/fbAQLP

exports[`OtpCodeInterface render should correctly render component 1`] = `<otp-code-stub email="" password=""></otp-code-stub>`;

exports[`OtpCodeInterface render should render otp form 1`] = `<otp-code-stub email="" password=""></otp-code-stub>`;
