// Jest Snapshot v1, https://goo.gl/fbAQLP

exports[`SignUpInterface render should correctly render component 1`] = `<sign-up-stub email="" password=""></sign-up-stub>`;

exports[`SignUpInterface render should render form 1`] = `<sign-up-stub email="" password=""></sign-up-stub>`;
