// Jest Snapshot v1, https://goo.gl/fbAQLP

exports[`Identicon render should correctly render Identicon 1`] = `<div class="identicon"><img src="data:image/png;base64,iVBORw0KGgoAAAANSUhEUgAAAIAAAACACAMAAAD04JH5AAAACVBMVEW7vhoRyBGzsxc76cq+AAAAA3RSTlP////6yOLMAABAi0lEQVR42gGAQH+/AAAAAAAAAAAAAAAAAAAAAAACAgICAgICAgICAgICAgICAAAAAAAAAAAAAAAAAAAAAAICAgICAgICAgICAgICAgICAgICAgICAgICAgICAgICAAAAAAAAAAAAAAAAAAAAAAICAgICAgICAgICAgICAgIAAAAAAAAAAAAAAAAAAAAAAAAAAAAAAAAAAAAAAAAAAAACAgICAgICAgICAgICAgICAAAAAAAAAAAAAAAAAAAAAAICAgICAgICAgICAgICAgICAgICAgICAgICAgICAgICAAAAAAAAAAAAAAAAAAAAAAICAgICAgICAgICAgICAgIAAAAAAAAAAAAAAAAAAAAAAAAAAAAAAAAAAAAAAAAAAAACAgICAgICAgICAgICAgICAAAAAAAAAAAAAAAAAAAAAAICAgICAgICAgICAgICAgICAgICAgICAgICAgICAgICAAAAAAAAAAAAAAAAAAAAAAICAgICAgICAgICAgICAgIAAAAAAAAAAAAAAAAAAAAAAAAAAAAAAAAAAAAAAAAAAAACAgICAgICAgICAgICAgICAAAAAAAAAAAAAAAAAAAAAAICAgICAgICAgICAgICAgICAgICAgICAgICAgICAgICAAAAAAAAAAAAAAAAAAAAAAICAgICAgICAgICAgICAgIAAAAAAAAAAAAAAAAAAAAAAAAAAAAAAAAAAAAAAAAAAAACAgICAgICAgICAgICAgICAAAAAAAAAAAAAAAAAAAAAAICAgICAgICAgICAgICAgICAgICAgICAgICAgICAgICAAAAAAAAAAAAAAAAAAAAAAICAgICAgICAgICAgICAgIAAAAAAAAAAAAAAAAAAAAAAAAAAAAAAAAAAAAAAAAAAAACAgICAgICAgICAgICAgICAAAAAAAAAAAAAAAAAAAAAAICAgICAgICAgICAgICAgICAgICAgICAgICAgICAgICAAAAAAAAAAAAAAAAAAAAAAICAgICAgICAgICAgICAgIAAAAAAAAAAAAAAAAAAAAAAAAAAAAAAAAAAAAAAAAAAAACAgICAgICAgICAgICAgICAAAAAAAAAAAAAAAAAAAAAAICAgICAgICAgICAgICAgICAgICAgICAgICAgICAgICAAAAAAAAAAAAAAAAAAAAAAICAgICAgICAgICAgICAgIAAAAAAAAAAAAAAAAAAAAAAAAAAAAAAAAAAAAAAAAAAAACAgICAgICAgICAgICAgICAAAAAAAAAAAAAAAAAAAAAAICAgICAgICAgICAgICAgICAgICAgICAgICAgICAgICAAAAAAAAAAAAAAAAAAAAAAICAgICAgICAgICAgICAgIAAAAAAAAAAAAAAAAAAAAAAAAAAAAAAAAAAAAAAAAAAAACAgICAgICAgICAgICAgICAAAAAAAAAAAAAAAAAAAAAAICAgICAgICAgICAgICAgICAgICAgICAgICAgICAgICAAAAAAAAAAAAAAAAAAAAAAICAgICAgICAgICAgICAgIAAAAAAAAAAAAAAAAAAAAAAAAAAAAAAAAAAAAAAAAAAAACAgICAgICAgICAgICAgICAAAAAAAAAAAAAAAAAAAAAAICAgICAgICAgICAgICAgICAgICAgICAgICAgICAgICAAAAAAAAAAAAAAAAAAAAAAICAgICAgICAgICAgICAgIAAAAAAAAAAAAAAAAAAAAAAAAAAAAAAAAAAAAAAAAAAAACAgICAgICAgICAgICAgICAAAAAAAAAAAAAAAAAAAAAAICAgICAgICAgICAgICAgICAgICAgICAgICAgICAgICAAAAAAAAAAAAAAAAAAAAAAICAgICAgICAgICAgICAgIAAAAAAAAAAAAAAAAAAAAAAAAAAAAAAAAAAAAAAAAAAAACAgICAgICAgICAgICAgICAAAAAAAAAAAAAAAAAAAAAAICAgICAgICAgICAgICAgICAgICAgICAgICAgICAgICAAAAAAAAAAAAAAAAAAAAAAICAgICAgICAgICAgICAgIAAAAAAAAAAAAAAAAAAAAAAAAAAAAAAAAAAAAAAAAAAAACAgICAgICAgICAgICAgICAAAAAAAAAAAAAAAAAAAAAAICAgICAgICAgICAgICAgICAgICAgICAgICAgICAgICAAAAAAAAAAAAAAAAAAAAAAICAgICAgICAgICAgICAgIAAAAAAAAAAAAAAAAAAAAAAAAAAAAAAAAAAAAAAAAAAAACAgICAgICAgICAgICAgICAAAAAAAAAAAAAAAAAAAAAAICAgICAgICAgICAgICAgICAgICAgICAgICAgICAgICAAAAAAAAAAAAAAAAAAAAAAICAgICAgICAgICAgICAgIAAAAAAAAAAAAAAAAAAAAAAAAAAAAAAAAAAAAAAAAAAAACAgICAgICAgICAgICAgICAAAAAAAAAAAAAAAAAAAAAAICAgICAgICAgICAgICAgICAgICAgICAgICAgICAgICAAAAAAAAAAAAAAAAAAAAAAICAgICAgICAgICAgICAgIAAAAAAAAAAAAAAAAAAAAAAAAAAAAAAAAAAAAAAAAAAAACAgICAgICAgICAgICAgICAAAAAAAAAAAAAAAAAAAAAAICAgICAgICAgICAgICAgICAgICAgICAgICAgICAgICAAAAAAAAAAAAAAAAAAAAAAICAgICAgICAgICAgICAgIAAAAAAAAAAAAAAAAAAAAAAAAAAAAAAAAAAAAAAAAAAAACAgICAgICAgICAgICAgICAgICAgICAgICAgICAgICAgAAAAAAAAAAAAAAAAAAAAAAAAAAAAAAAAAAAAAAAAAAAgICAgICAgICAgICAgICAgICAgICAgICAgICAgICAgIAAAAAAAAAAAAAAAAAAAAAAAAAAAAAAAAAAAAAAAAAAAACAgICAgICAgICAgICAgICAgICAgICAgICAgICAgICAgAAAAAAAAAAAAAAAAAAAAAAAAAAAAAAAAAAAAAAAAAAAgICAgICAgICAgICAgICAgICAgICAgICAgICAgICAgIAAAAAAAAAAAAAAAAAAAAAAAAAAAAAAAAAAAAAAAAAAAACAgICAgICAgICAgICAgICAgICAgICAgICAgICAgICAgAAAAAAAAAAAAAAAAAAAAAAAAAAAAAAAAAAAAAAAAAAAgICAgICAgICAgICAgICAgICAgICAgICAgICAgICAgIAAAAAAAAAAAAAAAAAAAAAAAAAAAAAAAAAAAAAAAAAAAACAgICAgICAgICAgICAgICAgICAgICAgICAgICAgICAgAAAAAAAAAAAAAAAAAAAAAAAAAAAAAAAAAAAAAAAAAAAgICAgICAgICAgICAgICAgICAgICAgICAgICAgICAgIAAAAAAAAAAAAAAAAAAAAAAAAAAAAAAAAAAAAAAAAAAAACAgICAgICAgICAgICAgICAgICAgICAgICAgICAgICAgAAAAAAAAAAAAAAAAAAAAAAAAAAAAAAAAAAAAAAAAAAAgICAgICAgICAgICAgICAgICAgICAgICAgICAgICAgIAAAAAAAAAAAAAAAAAAAAAAAAAAAAAAAAAAAAAAAAAAAACAgICAgICAgICAgICAgICAgICAgICAgICAgICAgICAgAAAAAAAAAAAAAAAAAAAAAAAAAAAAAAAAAAAAAAAAAAAgICAgICAgICAgICAgICAgICAgICAgICAgICAgICAgIAAAAAAAAAAAAAAAAAAAAAAAAAAAAAAAAAAAAAAAAAAAACAgICAgICAgICAgICAgICAgICAgICAgICAgICAgICAgAAAAAAAAAAAAAAAAAAAAAAAAAAAAAAAAAAAAAAAAAAAgICAgICAgICAgICAgICAgICAgICAgICAgICAgICAgIAAAAAAAAAAAAAAAAAAAAAAAAAAAAAAAAAAAAAAAAAAAACAgICAgICAgICAgICAgICAgICAgICAgICAgICAgICAgAAAAAAAAAAAAAAAAAAAAAAAAAAAAAAAAAAAAAAAAAAAgICAgICAgICAgICAgICAgICAgICAgICAgICAgICAgIAAAAAAAAAAAAAAAAAAAAAAAAAAAAAAAAAAAAAAAAAAAACAgICAgICAgICAgICAgICAgICAgICAgICAgICAgICAgAAAAAAAAAAAAAAAAAAAAAAAAAAAAAAAAAAAAAAAAAAAgICAgICAgICAgICAgICAgICAgICAgICAgICAgICAgIAAAAAAAAAAAAAAAAAAAAAAAAAAAAAAAAAAAAAAAAAAAACAgICAgICAgICAgICAgICAgICAgICAgICAgICAgICAgAAAAAAAAAAAAAAAAAAAAAAAAAAAAAAAAAAAAAAAAAAAgICAgICAgICAgICAgICAgICAgICAgICAgICAgICAgIAAAAAAAAAAAAAAAAAAAAAAAAAAAAAAAAAAAAAAAAAAAACAgICAgICAgICAgICAgICAgICAgICAgICAgICAgICAgAAAAAAAAAAAAAAAAAAAAAAAAAAAAAAAAAAAAAAAAAAAgICAgICAgICAgICAgICAgICAgICAgICAgICAgICAgIAAAAAAAAAAAAAAAAAAAAAAAAAAAAAAAAAAAAAAAAAAAACAgICAgICAgICAgICAgICAgICAgICAgICAgICAgICAgAAAAAAAAAAAAAAAAAAAAAAAAAAAAAAAAAAAAAAAAAAAgICAgICAgICAgICAgICAgICAgICAgICAgICAgICAgIAAAAAAAAAAAAAAAAAAAAAAAAAAAAAAAAAAAAAAAAAAAACAgICAgICAgICAgICAgICAgICAgICAgICAgICAgICAgAAAAAAAAAAAAAAAAAAAAAAAAAAAAAAAAAAAAAAAAAAAgICAgICAgICAgICAgICAgICAgICAgICAgICAgICAgIAAAAAAAAAAAAAAAAAAAAAAAAAAAAAAAAAAAAAAAAAAAACAgICAgICAgICAgICAgICAgICAgICAgICAgICAgICAgAAAAAAAAAAAAAAAAAAAAAAAAAAAAAAAAAAAAAAAAAAAgICAgICAgICAgICAgICAgICAgICAgICAgICAgICAgIAAAAAAAAAAAAAAAAAAAAAAAAAAAAAAAAAAAAAAAAAAAACAgICAgICAgICAgICAgICAgICAgICAgICAgICAgICAgAAAAAAAAAAAAAAAAAAAAAAAAAAAAAAAAAAAAAAAAAAAgICAgICAgICAgICAgICAgICAgICAgICAgICAgICAgIAAAAAAAAAAAAAAAAAAAAAAAAAAAAAAAAAAAAAAAAAAAACAgICAgICAgICAgICAgICAgICAgICAgICAgICAgICAgAAAAAAAAAAAAAAAAAAAAAAAAAAAAAAAAAAAAAAAAAAAgICAgICAgICAgICAgICAgICAgICAgICAgICAgICAgIAAAAAAAAAAAAAAAAAAAAAAAEBAQEBAQEBAQEBAQEBAQECAgICAgICAgICAgICAgICAAAAAAAAAAAAAAAAAAAAAAEBAQEBAQEBAQEBAQEBAQEBAQEBAQEBAQEBAQEBAQEBAAAAAAAAAAAAAAAAAAAAAAICAgICAgICAgICAgICAgIBAQEBAQEBAQEBAQEBAQEBAAEBAQEBAQEBAQEBAQEBAQECAgICAgICAgICAgICAgICAAAAAAAAAAAAAAAAAAAAAAEBAQEBAQEBAQEBAQEBAQEBAQEBAQEBAQEBAQEBAQEBAAAAAAAAAAAAAAAAAAAAAAICAgICAgICAgICAgICAgIBAQEBAQEBAQEBAQEBAQEBAAEBAQEBAQEBAQEBAQEBAQECAgICAgICAgICAgICAgICAAAAAAAAAAAAAAAAAAAAAAEBAQEBAQEBAQEBAQEBAQEBAQEBAQEBAQEBAQEBAQEBAAAAAAAAAAAAAAAAAAAAAAICAgICAgICAgICAgICAgIBAQEBAQEBAQEBAQEBAQEBAAEBAQEBAQEBAQEBAQEBAQECAgICAgICAgICAgICAgICAAAAAAAAAAAAAAAAAAAAAAEBAQEBAQEBAQEBAQEBAQEBAQEBAQEBAQEBAQEBAQEBAAAAAAAAAAAAAAAAAAAAAAICAgICAgICAgICAgICAgIBAQEBAQEBAQEBAQEBAQEBAAEBAQEBAQEBAQEBAQEBAQECAgICAgICAgICAgICAgICAAAAAAAAAAAAAAAAAAAAAAEBAQEBAQEBAQEBAQEBAQEBAQEBAQEBAQEBAQEBAQEBAAAAAAAAAAAAAAAAAAAAAAICAgICAgICAgICAgICAgIBAQEBAQEBAQEBAQEBAQEBAAEBAQEBAQEBAQEBAQEBAQECAgICAgICAgICAgICAgICAAAAAAAAAAAAAAAAAAAAAAEBAQEBAQEBAQEBAQEBAQEBAQEBAQEBAQEBAQEBAQEBAAAAAAAAAAAAAAAAAAAAAAICAgICAgICAgICAgICAgIBAQEBAQEBAQEBAQEBAQEBAAEBAQEBAQEBAQEBAQEBAQECAgICAgICAgICAgICAgICAAAAAAAAAAAAAAAAAAAAAAEBAQEBAQEBAQEBAQEBAQEBAQEBAQEBAQEBAQEBAQEBAAAAAAAAAAAAAAAAAAAAAAICAgICAgICAgICAgICAgIBAQEBAQEBAQEBAQEBAQEBAAEBAQEBAQEBAQEBAQEBAQECAgICAgICAgICAgICAgICAAAAAAAAAAAAAAAAAAAAAAEBAQEBAQEBAQEBAQEBAQEBAQEBAQEBAQEBAQEBAQEBAAAAAAAAAAAAAAAAAAAAAAICAgICAgICAgICAgICAgIBAQEBAQEBAQEBAQEBAQEBAAEBAQEBAQEBAQEBAQEBAQECAgICAgICAgICAgICAgICAAAAAAAAAAAAAAAAAAAAAAEBAQEBAQEBAQEBAQEBAQEBAQEBAQEBAQEBAQEBAQEBAAAAAAAAAAAAAAAAAAAAAAICAgICAgICAgICAgICAgIBAQEBAQEBAQEBAQEBAQEBAAEBAQEBAQEBAQEBAQEBAQECAgICAgICAgICAgICAgICAAAAAAAAAAAAAAAAAAAAAAEBAQEBAQEBAQEBAQEBAQEBAQEBAQEBAQEBAQEBAQEBAAAAAAAAAAAAAAAAAAAAAAICAgICAgICAgICAgICAgIBAQEBAQEBAQEBAQEBAQEBAAEBAQEBAQEBAQEBAQEBAQECAgICAgICAgICAgICAgICAAAAAAAAAAAAAAAAAAAAAAEBAQEBAQEBAQEBAQEBAQEBAQEBAQEBAQEBAQEBAQEBAAAAAAAAAAAAAAAAAAAAAAICAgICAgICAgICAgICAgIBAQEBAQEBAQEBAQEBAQEBAAEBAQEBAQEBAQEBAQEBAQECAgICAgICAgICAgICAgICAAAAAAAAAAAAAAAAAAAAAAEBAQEBAQEBAQEBAQEBAQEBAQEBAQEBAQEBAQEBAQEBAAAAAAAAAAAAAAAAAAAAAAICAgICAgICAgICAgICAgIBAQEBAQEBAQEBAQEBAQEBAAEBAQEBAQEBAQEBAQEBAQECAgICAgICAgICAgICAgICAAAAAAAAAAAAAAAAAAAAAAEBAQEBAQEBAQEBAQEBAQEBAQEBAQEBAQEBAQEBAQEBAAAAAAAAAAAAAAAAAAAAAAICAgICAgICAgICAgICAgIBAQEBAQEBAQEBAQEBAQEBAAEBAQEBAQEBAQEBAQEBAQECAgICAgICAgICAgICAgICAAAAAAAAAAAAAAAAAAAAAAEBAQEBAQEBAQEBAQEBAQEBAQEBAQEBAQEBAQEBAQEBAAAAAAAAAAAAAAAAAAAAAAICAgICAgICAgICAgICAgIBAQEBAQEBAQEBAQEBAQEBAAEBAQEBAQEBAQEBAQEBAQECAgICAgICAgICAgICAgICAAAAAAAAAAAAAAAAAAAAAAEBAQEBAQEBAQEBAQEBAQEBAQEBAQEBAQEBAQEBAQEBAAAAAAAAAAAAAAAAAAAAAAICAgICAgICAgICAgICAgIBAQEBAQEBAQEBAQEBAQEBAAEBAQEBAQEBAQEBAQEBAQECAgICAgICAgICAgICAgICAAAAAAAAAAAAAAAAAAAAAAEBAQEBAQEBAQEBAQEBAQEBAQEBAQEBAQEBAQEBAQEBAAAAAAAAAAAAAAAAAAAAAAICAgICAgICAgICAgICAgIBAQEBAQEBAQEBAQEBAQEBAAAAAAAAAAAAAAAAAAAAAAAAAAAAAAAAAAAAAAAAAAAAAQEBAQEBAQEBAQEBAQEBAQEBAQEBAQEBAQEBAQEBAQEBAQEBAQEBAQEBAQEBAQEBAQEBAQEBAQEBAQEBAQEBAQAAAAAAAAAAAAAAAAAAAAAAAAAAAAAAAAAAAAAAAAAAAAAAAAAAAAAAAAAAAAAAAAAAAAAAAAAAAAAAAAAAAAAAAQEBAQEBAQEBAQEBAQEBAQEBAQEBAQEBAQEBAQEBAQEBAQEBAQEBAQEBAQEBAQEBAQEBAQEBAQEBAQEBAQEBAQAAAAAAAAAAAAAAAAAAAAAAAAAAAAAAAAAAAAAAAAAAAAAAAAAAAAAAAAAAAAAAAAAAAAAAAAAAAAAAAAAAAAAAAQEBAQEBAQEBAQEBAQEBAQEBAQEBAQEBAQEBAQEBAQEBAQEBAQEBAQEBAQEBAQEBAQEBAQEBAQEBAQEBAQEBAQAAAAAAAAAAAAAAAAAAAAAAAAAAAAAAAAAAAAAAAAAAAAAAAAAAAAAAAAAAAAAAAAAAAAAAAAAAAAAAAAAAAAAAAQEBAQEBAQEBAQEBAQEBAQEBAQEBAQEBAQEBAQEBAQEBAQEBAQEBAQEBAQEBAQEBAQEBAQEBAQEBAQEBAQEBAQAAAAAAAAAAAAAAAAAAAAAAAAAAAAAAAAAAAAAAAAAAAAAAAAAAAAAAAAAAAAAAAAAAAAAAAAAAAAAAAAAAAAAAAQEBAQEBAQEBAQEBAQEBAQEBAQEBAQEBAQEBAQEBAQEBAQEBAQEBAQEBAQEBAQEBAQEBAQEBAQEBAQEBAQEBAQAAAAAAAAAAAAAAAAAAAAAAAAAAAAAAAAAAAAAAAAAAAAAAAAAAAAAAAAAAAAAAAAAAAAAAAAAAAAAAAAAAAAAAAQEBAQEBAQEBAQEBAQEBAQEBAQEBAQEBAQEBAQEBAQEBAQEBAQEBAQEBAQEBAQEBAQEBAQEBAQEBAQEBAQEBAQAAAAAAAAAAAAAAAAAAAAAAAAAAAAAAAAAAAAAAAAAAAAAAAAAAAAAAAAAAAAAAAAAAAAAAAAAAAAAAAAAAAAAAAQEBAQEBAQEBAQEBAQEBAQEBAQEBAQEBAQEBAQEBAQEBAQEBAQEBAQEBAQEBAQEBAQEBAQEBAQEBAQEBAQEBAQAAAAAAAAAAAAAAAAAAAAAAAAAAAAAAAAAAAAAAAAAAAAAAAAAAAAAAAAAAAAAAAAAAAAAAAAAAAAAAAAAAAAAAAQEBAQEBAQEBAQEBAQEBAQEBAQEBAQEBAQEBAQEBAQEBAQEBAQEBAQEBAQEBAQEBAQEBAQEBAQEBAQEBAQEBAQAAAAAAAAAAAAAAAAAAAAAAAAAAAAAAAAAAAAAAAAAAAAAAAAAAAAAAAAAAAAAAAAAAAAAAAAAAAAAAAAAAAAAAAQEBAQEBAQEBAQEBAQEBAQEBAQEBAQEBAQEBAQEBAQEBAQEBAQEBAQEBAQEBAQEBAQEBAQEBAQEBAQEBAQEBAQAAAAAAAAAAAAAAAAAAAAAAAAAAAAAAAAAAAAAAAAAAAAAAAAAAAAAAAAAAAAAAAAAAAAAAAAAAAAAAAAAAAAAAAQEBAQEBAQEBAQEBAQEBAQEBAQEBAQEBAQEBAQEBAQEBAQEBAQEBAQEBAQEBAQEBAQEBAQEBAQEBAQEBAQEBAQAAAAAAAAAAAAAAAAAAAAAAAAAAAAAAAAAAAAAAAAAAAAAAAAAAAAAAAAAAAAAAAAAAAAAAAAAAAAAAAAAAAAAAAQEBAQEBAQEBAQEBAQEBAQEBAQEBAQEBAQEBAQEBAQEBAQEBAQEBAQEBAQEBAQEBAQEBAQEBAQEBAQEBAQEBAQAAAAAAAAAAAAAAAAAAAAAAAAAAAAAAAAAAAAAAAAAAAAAAAAAAAAAAAAAAAAAAAAAAAAAAAAAAAAAAAAAAAAAAAQEBAQEBAQEBAQEBAQEBAQEBAQEBAQEBAQEBAQEBAQEBAQEBAQEBAQEBAQEBAQEBAQEBAQEBAQEBAQEBAQEBAQAAAAAAAAAAAAAAAAAAAAAAAAAAAAAAAAAAAAAAAAAAAAAAAAAAAAAAAAAAAAAAAAAAAAAAAAAAAAAAAAAAAAAAAQEBAQEBAQEBAQEBAQEBAQEBAQEBAQEBAQEBAQEBAQEBAQEBAQEBAQEBAQEBAQEBAQEBAQEBAQEBAQEBAQEBAQAAAAAAAAAAAAAAAAAAAAAAAAAAAAAAAAAAAAAAAAAAAAAAAAAAAAAAAAAAAAAAAAAAAAAAAAAAAAAAAAAAAAAAAQEBAQEBAQEBAQEBAQEBAQEBAQEBAQEBAQEBAQEBAQEBAQEBAQEBAQEBAQEBAQEBAQEBAQEBAQEBAQEBAQEBAQAAAAAAAAAAAAAAAAAAAAAAAAAAAAAAAAAAAAAAAAAAAAAAAAAAAAAAAAAAAAAAAAAAAAAAAAAAAAAAAAAAAAAAAQEBAQEBAQEBAQEBAQEBAQEBAQEBAQEBAQEBAQEBAQEBAQEBAQEBAQEBAQEBAQEBAQEBAQEBAQEBAQEBAQEBAQAAAAAAAAAAAAAAAAAAAAAAAAAAAAAAAAAAAAAAAAAAAAAAAAAAAAAAAAAAAAAAAAAAAAAAAAAAAAAAAAAAAAAAAQEBAQEBAQEBAQEBAQEBAQEBAQEBAQEBAQEBAQEBAQEBAQEBAQEBAQEBAQEBAQEBAQEBAQEBAQEBAQEBAQEBAQAAAAAAAAAAAAAAAAAAAAAAAAAAAAAAAAAAAAAAAAAAAAEBAQEBAQEBAQEBAQEBAQEAAAAAAAAAAAAAAAAAAAAAAgICAgICAgICAgICAgICAgICAgICAgICAgICAgICAgICAgICAgICAgICAgICAgICAgICAgICAgICAgICAgICAgAAAAAAAAAAAAAAAAAAAAABAQEBAQEBAQEBAQEBAQEBAAEBAQEBAQEBAQEBAQEBAQEAAAAAAAAAAAAAAAAAAAAAAgICAgICAgICAgICAgICAgICAgICAgICAgICAgICAgICAgICAgICAgICAgICAgICAgICAgICAgICAgICAgICAgAAAAAAAAAAAAAAAAAAAAABAQEBAQEBAQEBAQEBAQEBAAEBAQEBAQEBAQEBAQEBAQEAAAAAAAAAAAAAAAAAAAAAAgICAgICAgICAgICAgICAgICAgICAgICAgICAgICAgICAgICAgICAgICAgICAgICAgICAgICAgICAgICAgICAgAAAAAAAAAAAAAAAAAAAAABAQEBAQEBAQEBAQEBAQEBAAEBAQEBAQEBAQEBAQEBAQEAAAAAAAAAAAAAAAAAAAAAAgICAgICAgICAgICAgICAgICAgICAgICAgICAgICAgICAgICAgICAgICAgICAgICAgICAgICAgICAgICAgICAgAAAAAAAAAAAAAAAAAAAAABAQEBAQEBAQEBAQEBAQEBAAEBAQEBAQEBAQEBAQEBAQEAAAAAAAAAAAAAAAAAAAAAAgICAgICAgICAgICAgICAgICAgICAgICAgICAgICAgICAgICAgICAgICAgICAgICAgICAgICAgICAgICAgICAgAAAAAAAAAAAAAAAAAAAAABAQEBAQEBAQEBAQEBAQEBAAEBAQEBAQEBAQEBAQEBAQEAAAAAAAAAAAAAAAAAAAAAAgICAgICAgICAgICAgICAgICAgICAgICAgICAgICAgICAgICAgICAgICAgICAgICAgICAgICAgICAgICAgICAgAAAAAAAAAAAAAAAAAAAAABAQEBAQEBAQEBAQEBAQEBAAEBAQEBAQEBAQEBAQEBAQEAAAAAAAAAAAAAAAAAAAAAAgICAgICAgICAgICAgICAgICAgICAgICAgICAgICAgICAgICAgICAgICAgICAgICAgICAgICAgICAgICAgICAgAAAAAAAAAAAAAAAAAAAAABAQEBAQEBAQEBAQEBAQEBAAEBAQEBAQEBAQEBAQEBAQEAAAAAAAAAAAAAAAAAAAAAAgICAgICAgICAgICAgICAgICAgICAgICAgICAgICAgICAgICAgICAgICAgICAgICAgICAgICAgICAgICAgICAgAAAAAAAAAAAAAAAAAAAAABAQEBAQEBAQEBAQEBAQEBAAEBAQEBAQEBAQEBAQEBAQEAAAAAAAAAAAAAAAAAAAAAAgICAgICAgICAgICAgICAgICAgICAgICAgICAgICAgICAgICAgICAgICAgICAgICAgICAgICAgICAgICAgICAgAAAAAAAAAAAAAAAAAAAAABAQEBAQEBAQEBAQEBAQEBAAEBAQEBAQEBAQEBAQEBAQEAAAAAAAAAAAAAAAAAAAAAAgICAgICAgICAgICAgICAgICAgICAgICAgICAgICAgICAgICAgICAgICAgICAgICAgICAgICAgICAgICAgICAgAAAAAAAAAAAAAAAAAAAAABAQEBAQEBAQEBAQEBAQEBAAEBAQEBAQEBAQEBAQEBAQEAAAAAAAAAAAAAAAAAAAAAAgICAgICAgICAgICAgICAgICAgICAgICAgICAgICAgICAgICAgICAgICAgICAgICAgICAgICAgICAgICAgICAgAAAAAAAAAAAAAAAAAAAAABAQEBAQEBAQEBAQEBAQEBAAEBAQEBAQEBAQEBAQEBAQEAAAAAAAAAAAAAAAAAAAAAAgICAgICAgICAgICAgICAgICAgICAgICAgICAgICAgICAgICAgICAgICAgICAgICAgICAgICAgICAgICAgICAgAAAAAAAAAAAAAAAAAAAAABAQEBAQEBAQEBAQEBAQEBAAEBAQEBAQEBAQEBAQEBAQEAAAAAAAAAAAAAAAAAAAAAAgICAgICAgICAgICAgICAgICAgICAgICAgICAgICAgICAgICAgICAgICAgICAgICAgICAgICAgICAgICAgICAgAAAAAAAAAAAAAAAAAAAAABAQEBAQEBAQEBAQEBAQEBAAEBAQEBAQEBAQEBAQEBAQEAAAAAAAAAAAAAAAAAAAAAAgICAgICAgICAgICAgICAgICAgICAgICAgICAgICAgICAgICAgICAgICAgICAgICAgICAgICAgICAgICAgICAgAAAAAAAAAAAAAAAAAAAAABAQEBAQEBAQEBAQEBAQEBAAEBAQEBAQEBAQEBAQEBAQEAAAAAAAAAAAAAAAAAAAAAAgICAgICAgICAgICAgICAgICAgICAgICAgICAgICAgICAgICAgICAgICAgICAgICAgICAgICAgICAgICAgICAgAAAAAAAAAAAAAAAAAAAAABAQEBAQEBAQEBAQEBAQEBAAEBAQEBAQEBAQEBAQEBAQEAAAAAAAAAAAAAAAAAAAAAAgICAgICAgICAgICAgICAgICAgICAgICAgICAgICAgICAgICAgICAgICAgICAgICAgICAgICAgICAgICAgICAgAAAAAAAAAAAAAAAAAAAAABAQEBAQEBAQEBAQEBAQEBAAICAgICAgICAgICAgICAgIBAQEBAQEBAQEBAQEBAQEBAAAAAAAAAAAAAAAAAAAAAAEBAQEBAQEBAQEBAQEBAQEBAQEBAQEBAQEBAQEBAQEBAAAAAAAAAAAAAAAAAAAAAAEBAQEBAQEBAQEBAQEBAQECAgICAgICAgICAgICAgICAAICAgICAgICAgICAgICAgIBAQEBAQEBAQEBAQEBAQEBAAAAAAAAAAAAAAAAAAAAAAEBAQEBAQEBAQEBAQEBAQEBAQEBAQEBAQEBAQEBAQEBAAAAAAAAAAAAAAAAAAAAAAEBAQEBAQEBAQEBAQEBAQECAgICAgICAgICAgICAgICAAICAgICAgICAgICAgICAgIBAQEBAQEBAQEBAQEBAQEBAAAAAAAAAAAAAAAAAAAAAAEBAQEBAQEBAQEBAQEBAQEBAQEBAQEBAQEBAQEBAQEBAAAAAAAAAAAAAAAAAAAAAAEBAQEBAQEBAQEBAQEBAQECAgICAgICAgICAgICAgICAAICAgICAgICAgICAgICAgIBAQEBAQEBAQEBAQEBAQEBAAAAAAAAAAAAAAAAAAAAAAEBAQEBAQEBAQEBAQEBAQEBAQEBAQEBAQEBAQEBAQEBAAAAAAAAAAAAAAAAAAAAAAEBAQEBAQEBAQEBAQEBAQECAgICAgICAgICAgICAgICAAICAgICAgICAgICAgICAgIBAQEBAQEBAQEBAQEBAQEBAAAAAAAAAAAAAAAAAAAAAAEBAQEBAQEBAQEBAQEBAQEBAQEBAQEBAQEBAQEBAQEBAAAAAAAAAAAAAAAAAAAAAAEBAQEBAQEBAQEBAQEBAQECAgICAgICAgICAgICAgICAAICAgICAgICAgICAgICAgIBAQEBAQEBAQEBAQEBAQEBAAAAAAAAAAAAAAAAAAAAAAEBAQEBAQEBAQEBAQEBAQEBAQEBAQEBAQEBAQEBAQEBAAAAAAAAAAAAAAAAAAAAAAEBAQEBAQEBAQEBAQEBAQECAgICAgICAgICAgICAgICAAICAgICAgICAgICAgICAgIBAQEBAQEBAQEBAQEBAQEBAAAAAAAAAAAAAAAAAAAAAAEBAQEBAQEBAQEBAQEBAQEBAQEBAQEBAQEBAQEBAQEBAAAAAAAAAAAAAAAAAAAAAAEBAQEBAQEBAQEBAQEBAQECAgICAgICAgICAgICAgICAAICAgICAgICAgICAgICAgIBAQEBAQEBAQEBAQEBAQEBAAAAAAAAAAAAAAAAAAAAAAEBAQEBAQEBAQEBAQEBAQEBAQEBAQEBAQEBAQEBAQEBAAAAAAAAAAAAAAAAAAAAAAEBAQEBAQEBAQEBAQEBAQECAgICAgICAgICAgICAgICAAICAgICAgICAgICAgICAgIBAQEBAQEBAQEBAQEBAQEBAAAAAAAAAAAAAAAAAAAAAAEBAQEBAQEBAQEBAQEBAQEBAQEBAQEBAQEBAQEBAQEBAAAAAAAAAAAAAAAAAAAAAAEBAQEBAQEBAQEBAQEBAQECAgICAgICAgICAgICAgICAAICAgICAgICAgICAgICAgIBAQEBAQEBAQEBAQEBAQEBAAAAAAAAAAAAAAAAAAAAAAEBAQEBAQEBAQEBAQEBAQEBAQEBAQEBAQEBAQEBAQEBAAAAAAAAAAAAAAAAAAAAAAEBAQEBAQEBAQEBAQEBAQECAgICAgICAgICAgICAgICAAICAgICAgICAgICAgICAgIBAQEBAQEBAQEBAQEBAQEBAAAAAAAAAAAAAAAAAAAAAAEBAQEBAQEBAQEBAQEBAQEBAQEBAQEBAQEBAQEBAQEBAAAAAAAAAAAAAAAAAAAAAAEBAQEBAQEBAQEBAQEBAQECAgICAgICAgICAgICAgICAAICAgICAgICAgICAgICAgIBAQEBAQEBAQEBAQEBAQEBAAAAAAAAAAAAAAAAAAAAAAEBAQEBAQEBAQEBAQEBAQEBAQEBAQEBAQEBAQEBAQEBAAAAAAAAAAAAAAAAAAAAAAEBAQEBAQEBAQEBAQEBAQECAgICAgICAgICAgICAgICAAICAgICAgICAgICAgICAgIBAQEBAQEBAQEBAQEBAQEBAAAAAAAAAAAAAAAAAAAAAAEBAQEBAQEBAQEBAQEBAQEBAQEBAQEBAQEBAQEBAQEBAAAAAAAAAAAAAAAAAAAAAAEBAQEBAQEBAQEBAQEBAQECAgICAgICAgICAgICAgICAAICAgICAgICAgICAgICAgIBAQEBAQEBAQEBAQEBAQEBAAAAAAAAAAAAAAAAAAAAAAEBAQEBAQEBAQEBAQEBAQEBAQEBAQEBAQEBAQEBAQEBAAAAAAAAAAAAAAAAAAAAAAEBAQEBAQEBAQEBAQEBAQECAgICAgICAgICAgICAgICAAICAgICAgICAgICAgICAgIBAQEBAQEBAQEBAQEBAQEBAAAAAAAAAAAAAAAAAAAAAAEBAQEBAQEBAQEBAQEBAQEBAQEBAQEBAQEBAQEBAQEBAAAAAAAAAAAAAAAAAAAAAAEBAQEBAQEBAQEBAQEBAQECAgICAgICAgICAgICAgICAAICAgICAgICAgICAgICAgIBAQEBAQEBAQEBAQEBAQEBAAAAAAAAAAAAAAAAAAAAAAEBAQEBAQEBAQEBAQEBAQEBAQEBAQEBAQEBAQEBAQEBAAAAAAAAAAAAAAAAAAAAAAEBAQEBAQEBAQEBAQEBAQECAgICAgICAgICAgICAgICAAEBAQEBAQEBAQEBAQEBAQEAAAAAAAAAAAAAAAAAAAAAAAAAAAAAAAAAAAAAAAAAAAEBAQEBAQEBAQEBAQEBAQEBAQEBAQEBAQEBAQEBAQEBAAAAAAAAAAAAAAAAAAAAAAAAAAAAAAAAAAAAAAAAAAABAQEBAQEBAQEBAQEBAQEBAAEBAQEBAQEBAQEBAQEBAQEAAAAAAAAAAAAAAAAAAAAAAAAAAAAAAAAAAAAAAAAAAAEBAQEBAQEBAQEBAQEBAQEBAQEBAQEBAQEBAQEBAQEBAAAAAAAAAAAAAAAAAAAAAAAAAAAAAAAAAAAAAAAAAAABAQEBAQEBAQEBAQEBAQEBAAEBAQEBAQEBAQEBAQEBAQEAAAAAAAAAAAAAAAAAAAAAAAAAAAAAAAAAAAAAAAAAAAEBAQEBAQEBAQEBAQEBAQEBAQEBAQEBAQEBAQEBAQEBAAAAAAAAAAAAAAAAAAAAAAAAAAAAAAAAAAAAAAAAAAABAQEBAQEBAQEBAQEBAQEBAAEBAQEBAQEBAQEBAQEBAQEAAAAAAAAAAAAAAAAAAAAAAAAAAAAAAAAAAAAAAAAAAAEBAQEBAQEBAQEBAQEBAQEBAQEBAQEBAQEBAQEBAQEBAAAAAAAAAAAAAAAAAAAAAAAAAAAAAAAAAAAAAAAAAAABAQEBAQEBAQEBAQEBAQEBAAEBAQEBAQEBAQEBAQEBAQEAAAAAAAAAAAAAAAAAAAAAAAAAAAAAAAAAAAAAAAAAAAEBAQEBAQEBAQEBAQEBAQEBAQEBAQEBAQEBAQEBAQEBAAAAAAAAAAAAAAAAAAAAAAAAAAAAAAAAAAAAAAAAAAABAQEBAQEBAQEBAQEBAQEBAAEBAQEBAQEBAQEBAQEBAQEAAAAAAAAAAAAAAAAAAAAAAAAAAAAAAAAAAAAAAAAAAAEBAQEBAQEBAQEBAQEBAQEBAQEBAQEBAQEBAQEBAQEBAAAAAAAAAAAAAAAAAAAAAAAAAAAAAAAAAAAAAAAAAAABAQEBAQEBAQEBAQEBAQEBAAEBAQEBAQEBAQEBAQEBAQEAAAAAAAAAAAAAAAAAAAAAAAAAAAAAAAAAAAAAAAAAAAEBAQEBAQEBAQEBAQEBAQEBAQEBAQEBAQEBAQEBAQEBAAAAAAAAAAAAAAAAAAAAAAAAAAAAAAAAAAAAAAAAAAABAQEBAQEBAQEBAQEBAQEBAAEBAQEBAQEBAQEBAQEBAQEAAAAAAAAAAAAAAAAAAAAAAAAAAAAAAAAAAAAAAAAAAAEBAQEBAQEBAQEBAQEBAQEBAQEBAQEBAQEBAQEBAQEBAAAAAAAAAAAAAAAAAAAAAAAAAAAAAAAAAAAAAAAAAAABAQEBAQEBAQEBAQEBAQEBAAEBAQEBAQEBAQEBAQEBAQEAAAAAAAAAAAAAAAAAAAAAAAAAAAAAAAAAAAAAAAAAAAEBAQEBAQEBAQEBAQEBAQEBAQEBAQEBAQEBAQEBAQEBAAAAAAAAAAAAAAAAAAAAAAAAAAAAAAAAAAAAAAAAAAABAQEBAQEBAQEBAQEBAQEBAAEBAQEBAQEBAQEBAQEBAQEAAAAAAAAAAAAAAAAAAAAAAAAAAAAAAAAAAAAAAAAAAAEBAQEBAQEBAQEBAQEBAQEBAQEBAQEBAQEBAQEBAQEBAAAAAAAAAAAAAAAAAAAAAAAAAAAAAAAAAAAAAAAAAAABAQEBAQEBAQEBAQEBAQEBAAEBAQEBAQEBAQEBAQEBAQEAAAAAAAAAAAAAAAAAAAAAAAAAAAAAAAAAAAAAAAAAAAEBAQEBAQEBAQEBAQEBAQEBAQEBAQEBAQEBAQEBAQEBAAAAAAAAAAAAAAAAAAAAAAAAAAAAAAAAAAAAAAAAAAABAQEBAQEBAQEBAQEBAQEBAAEBAQEBAQEBAQEBAQEBAQEAAAAAAAAAAAAAAAAAAAAAAAAAAAAAAAAAAAAAAAAAAAEBAQEBAQEBAQEBAQEBAQEBAQEBAQEBAQEBAQEBAQEBAAAAAAAAAAAAAAAAAAAAAAAAAAAAAAAAAAAAAAAAAAABAQEBAQEBAQEBAQEBAQEBAAEBAQEBAQEBAQEBAQEBAQEAAAAAAAAAAAAAAAAAAAAAAAAAAAAAAAAAAAAAAAAAAAEBAQEBAQEBAQEBAQEBAQEBAQEBAQEBAQEBAQEBAQEBAAAAAAAAAAAAAAAAAAAAAAAAAAAAAAAAAAAAAAAAAAABAQEBAQEBAQEBAQEBAQEBAAEBAQEBAQEBAQEBAQEBAQEAAAAAAAAAAAAAAAAAAAAAAAAAAAAAAAAAAAAAAAAAAAEBAQEBAQEBAQEBAQEBAQEBAQEBAQEBAQEBAQEBAQEBAAAAAAAAAAAAAAAAAAAAAAAAAAAAAAAAAAAAAAAAAAABAQEBAQEBAQEBAQEBAQEBAAEBAQEBAQEBAQEBAQEBAQEAAAAAAAAAAAAAAAAAAAAAAAAAAAAAAAAAAAAAAAAAAAEBAQEBAQEBAQEBAQEBAQEBAQEBAQEBAQEBAQEBAQEBAAAAAAAAAAAAAAAAAAAAAAAAAAAAAAAAAAAAAAAAAAABAQEBAQEBAQEBAQEBAQEBAAEBAQEBAQEBAQEBAQEBAQEAAAAAAAAAAAAAAAAAAAAAAAAAAAAAAAAAAAAAAAAAAAEBAQEBAQEBAQEBAQEBAQEBAQEBAQEBAQEBAQEBAQEBAAAAAAAAAAAAAAAAAAAAAAAAAAAAAAAAAAAAAAAAAAABAQEBAQEBAQEBAQEBAQEBAAAAAAAAAAAAAAAAAAAAAAABAQEBAQEBAQEBAQEBAQEBAAAAAAAAAAAAAAAAAAAAAAEBAQEBAQEBAQEBAQEBAQEBAQEBAQEBAQEBAQEBAQEBAAAAAAAAAAAAAAAAAAAAAAEBAQEBAQEBAQEBAQEBAQEAAAAAAAAAAAAAAAAAAAAAAAAAAAAAAAAAAAAAAAAAAAABAQEBAQEBAQEBAQEBAQEBAAAAAAAAAAAAAAAAAAAAAAEBAQEBAQEBAQEBAQEBAQEBAQEBAQEBAQEBAQEBAQEBAAAAAAAAAAAAAAAAAAAAAAEBAQEBAQEBAQEBAQEBAQEAAAAAAAAAAAAAAAAAAAAAAAAAAAAAAAAAAAAAAAAAAAABAQEBAQEBAQEBAQEBAQEBAAAAAAAAAAAAAAAAAAAAAAEBAQEBAQEBAQEBAQEBAQEBAQEBAQEBAQEBAQEBAQEBAAAAAAAAAAAAAAAAAAAAAAEBAQEBAQEBAQEBAQEBAQEAAAAAAAAAAAAAAAAAAAAAAAAAAAAAAAAAAAAAAAAAAAABAQEBAQEBAQEBAQEBAQEBAAAAAAAAAAAAAAAAAAAAAAEBAQEBAQEBAQEBAQEBAQEBAQEBAQEBAQEBAQEBAQEBAAAAAAAAAAAAAAAAAAAAAAEBAQEBAQEBAQEBAQEBAQEAAAAAAAAAAAAAAAAAAAAAAAAAAAAAAAAAAAAAAAAAAAABAQEBAQEBAQEBAQEBAQEBAAAAAAAAAAAAAAAAAAAAAAEBAQEBAQEBAQEBAQEBAQEBAQEBAQEBAQEBAQEBAQEBAAAAAAAAAAAAAAAAAAAAAAEBAQEBAQEBAQEBAQEBAQEAAAAAAAAAAAAAAAAAAAAAAAAAAAAAAAAAAAAAAAAAAAABAQEBAQEBAQEBAQEBAQEBAAAAAAAAAAAAAAAAAAAAAAEBAQEBAQEBAQEBAQEBAQEBAQEBAQEBAQEBAQEBAQEBAAAAAAAAAAAAAAAAAAAAAAEBAQEBAQEBAQEBAQEBAQEAAAAAAAAAAAAAAAAAAAAAAAAAAAAAAAAAAAAAAAAAAAABAQEBAQEBAQEBAQEBAQEBAAAAAAAAAAAAAAAAAAAAAAEBAQEBAQEBAQEBAQEBAQEBAQEBAQEBAQEBAQEBAQEBAAAAAAAAAAAAAAAAAAAAAAEBAQEBAQEBAQEBAQEBAQEAAAAAAAAAAAAAAAAAAAAAAAAAAAAAAAAAAAAAAAAAAAABAQEBAQEBAQEBAQEBAQEBAAAAAAAAAAAAAAAAAAAAAAEBAQEBAQEBAQEBAQEBAQEBAQEBAQEBAQEBAQEBAQEBAAAAAAAAAAAAAAAAAAAAAAEBAQEBAQEBAQEBAQEBAQEAAAAAAAAAAAAAAAAAAAAAAAAAAAAAAAAAAAAAAAAAAAABAQEBAQEBAQEBAQEBAQEBAAAAAAAAAAAAAAAAAAAAAAEBAQEBAQEBAQEBAQEBAQEBAQEBAQEBAQEBAQEBAQEBAAAAAAAAAAAAAAAAAAAAAAEBAQEBAQEBAQEBAQEBAQEAAAAAAAAAAAAAAAAAAAAAAAAAAAAAAAAAAAAAAAAAAAABAQEBAQEBAQEBAQEBAQEBAAAAAAAAAAAAAAAAAAAAAAEBAQEBAQEBAQEBAQEBAQEBAQEBAQEBAQEBAQEBAQEBAAAAAAAAAAAAAAAAAAAAAAEBAQEBAQEBAQEBAQEBAQEAAAAAAAAAAAAAAAAAAAAAAAAAAAAAAAAAAAAAAAAAAAABAQEBAQEBAQEBAQEBAQEBAAAAAAAAAAAAAAAAAAAAAAEBAQEBAQEBAQEBAQEBAQEBAQEBAQEBAQEBAQEBAQEBAAAAAAAAAAAAAAAAAAAAAAEBAQEBAQEBAQEBAQEBAQEAAAAAAAAAAAAAAAAAAAAAAAAAAAAAAAAAAAAAAAAAAAABAQEBAQEBAQEBAQEBAQEBAAAAAAAAAAAAAAAAAAAAAAEBAQEBAQEBAQEBAQEBAQEBAQEBAQEBAQEBAQEBAQEBAAAAAAAAAAAAAAAAAAAAAAEBAQEBAQEBAQEBAQEBAQEAAAAAAAAAAAAAAAAAAAAAAAAAAAAAAAAAAAAAAAAAAAABAQEBAQEBAQEBAQEBAQEBAAAAAAAAAAAAAAAAAAAAAAEBAQEBAQEBAQEBAQEBAQEBAQEBAQEBAQEBAQEBAQEBAAAAAAAAAAAAAAAAAAAAAAEBAQEBAQEBAQEBAQEBAQEAAAAAAAAAAAAAAAAAAAAAAAAAAAAAAAAAAAAAAAAAAAABAQEBAQEBAQEBAQEBAQEBAAAAAAAAAAAAAAAAAAAAAAEBAQEBAQEBAQEBAQEBAQEBAQEBAQEBAQEBAQEBAQEBAAAAAAAAAAAAAAAAAAAAAAEBAQEBAQEBAQEBAQEBAQEAAAAAAAAAAAAAAAAAAAAAAAAAAAAAAAAAAAAAAAAAAAABAQEBAQEBAQEBAQEBAQEBAAAAAAAAAAAAAAAAAAAAAAEBAQEBAQEBAQEBAQEBAQEBAQEBAQEBAQEBAQEBAQEBAAAAAAAAAAAAAAAAAAAAAAEBAQEBAQEBAQEBAQEBAQEAAAAAAAAAAAAAAAAAAAAAAAAAAAAAAAAAAAAAAAAAAAABAQEBAQEBAQEBAQEBAQEBAAAAAAAAAAAAAAAAAAAAAAEBAQEBAQEBAQEBAQEBAQEBAQEBAQEBAQEBAQEBAQEBAAAAAAAAAAAAAAAAAAAAAAEBAQEBAQEBAQEBAQEBAQEAAAAAAAAAAAAAAAAAAAAAgHk2ARO2hA0AAAAASUVORK5CYII=" alt="0x0000111122223333" title="0x0000111122223333"></div>`;
